42
1 43 44 45 46
100
102
{ foo: 'bar', key: 'value' }
